---
source: src/screens/chat.rs
expression: terminal.backend()
---
"╔══════════════════════════════════════════════════════════════════════════════╗"
"║                                  TODO List                                   ║"
"║                                                                              ║"
"║                                                                              ║"
"║                                                                              ║"
"║                                                                              ║"
"║                                                                              ║"
"║                                                                              ║"
"║                                                                              ║"
"║                                                                              ║"
"║                                                                              ║"
"║                                                                              ║"
"║                                                                              ║"
"║                                                                              ║"
"║                                                                              ║"
"║                                                                              ║"
"║╭────────────────────────────────────────────────────────────────────────────╮║"
"║│Input                                                                       │║"
"║╰────────────────────────────────────────────────────────────────────────────╯║"
"╚══════════════════════════════════════════════════════════════════════════════╝"
