---
source: src/screens/login.rs
expression: terminal.backend()
---
"╔══════════════════════════════════════════════════════════════════════════════╗"
"║                                                                              ║"
"║                                                                              ║"
"║                                                                              ║"
"║            ╭────────────────────────────────────────────────────╮            ║"
"║            │Username                                            │            ║"
"║            ╰────────────────────────────────────────────────────╯            ║"
"║            ╭────────────────────────────────────────────────────╮            ║"
"║            │Password                                            │            ║"
"║            ╰────────────────────────────────────────────────────╯            ║"
"║            ╭─────────────────────────╮╭─────────────────────────╮            ║"
"║            │          Login          ││         Anonym          │            ║"
"║            ╰i────────────────────────╯╰a────────────────────────╯            ║"
"║            ╭────────────────────────────────────────────────────╮            ║"
"║            │                        Exit                        │            ║"
"║            ╰q───────────────────────────────────────────────────╯            ║"
"║                                                                              ║"
"║                                                                              ║"
"║                                                                              ║"
"╚══════════════════════════════════════════════════════════════════════════════╝"
